[colorlib.com/etc/regform/colorlib-regform-18/index.html]
[backblue.gif]
[fade.gif]
[index.html]
[colorlib.com/etc/regform/colorlib-regform-18/fonts/material-design-iconic-font/css/material-design-iconic-font.min.css]
[colorlib.com/etc/regform/colorlib-regform-18/images/bg-registration-form-2.jpg]
[colorlib.com/etc/regform/colorlib-regform-18/index.html]
[colorlib.com/etc/regform/colorlib-regform-18/css/style.css]
[colorlib.com/etc/regform/colorlib-regform-18/fonts/material-design-iconic-font/fonts/Material-Design-Iconic-Fontd1f1.woff2]
[colorlib.com/etc/regform/colorlib-regform-18/fonts/material-design-iconic-font/fonts/Material-Design-Iconic-Fontd1f1.woff]
[colorlib.com/etc/regform/colorlib-regform-18/fonts/material-design-iconic-font/css/material-design-iconic-font.min.css]
[colorlib.com/etc/regform/colorlib-regform-18/fonts/material-design-iconic-font/fonts/Material-Design-Iconic-Fontd1f1.ttf]
[colorlib.com/etc/regform/colorlib-regform-18/fonts/muli/Muli-Regular.ttf]
[colorlib.com/etc/regform/colorlib-regform-18/fonts/muli/Muli-SemiBold.ttf]
[colorlib.com/etc/regform/colorlib-regform-18/images/registration-form-2.jpg]
[colorlib.com/etc/regform/colorlib-regform-18/css/style.css]
[colorlib.com/etc/regform/colorlib-regform-18/fonts/muli/Muli-Bold.ttf]
